ECHO_DEFAULT_MODE_OUTPUT_LINE_0
ECHO_DEFAULT_MODE_OUTPUT_LINE_1
ECHO_DEFAULT_MODE_OUTPUT_LINE_2
ECHO_DEFAULT_MODE_OUTPUT_LINE_3
ECHO_DEFAULT_MODE_OUTPUT_LINE_4
ECHO_DEFAULT_MODE_OUTPUT_LINE_5
ECHO_DEFAULT_MODE_OUTPUT_LINE_6
ECHO_DEFAULT_MODE_OUTPUT_LINE_7
ECHO_DEFAULT_MODE_OUTPUT_LINE_8
ECHO_DEFAULT_MODE_OUTPUT_LINE_9
ECHO_DEFAULT_MODE_OUTPUT_LINE_0
ECHO_DEFAULT_MODE_OUTPUT_LINE_1
ECHO_DEFAULT_MODE_OUTPUT_LINE_2
ECHO_DEFAULT_MODE_OUTPUT_LINE_3
ECHO_DEFAULT_MODE_OUTPUT_LINE_4
ECHO_DEFAULT_MODE_OUTPUT_LINE_5
ECHO_DEFAULT_MODE_OUTPUT_LINE_6
ECHO_DEFAULT_MODE_OUTPUT_LINE_7
ECHO_DEFAULT_MODE_OUTPUT_LINE_8
ECHO_DEFAULT_MODE_OUTPUT_LINE_9
